// Jest Snapshot v1, https://goo.gl/fbAQLP

exports[`should render initial layout 1`] = `
Array [
  <nav
    className="navbar"
  >
    <Logo
      title="Recruitment task"
    />
  </nav>,
]
`;
