// Jest Snapshot v1, https://goo.gl/fbAQLP

exports[`should render initial layout 1`] = `
Array [
  <table
    className="table"
  >
    <thead>
      <TableHeader />
    </thead>
    <tbody>
      <tr
        className="table-row"
      >
        <td
          className="table-row__cell"
        >
          Loading...
        </td>
      </tr>
    </tbody>
  </table>,
]
`;
